// Jest Snapshot v1, https://goo.gl/fbAQLP

exports[`Loading has a valid snapshot 1`] = `
ShallowWrapper {
  Symbol(enzyme.__root__): [Circular],
  Symbol(enzyme.__unrendered__): <FormLogin />,
  Symbol(enzyme.__renderer__): Object {
    "batchedUpdates": [Function],
    "getNode": [Function],
    "render": [Function],
    "simulateError": [Function],
    "simulateEvent": [Function],
    "unmount": [Function],
  },
  Symbol(enzyme.__node__): Object {
    "instance": null,
    "key": undefined,
    "nodeType": "class",
    "props": Object {
      "children": <Styled(ViewNB)
        style={
          Object {
            "paddingTop": 200,
          }
        }
      >
        <Styled(Form)>
          <Styled(Item)
            floatingLabel={true}
            style={
              Object {
                "backgroundColor": "#FFFFFFCF",
                "paddingHorizontal": 30,
                "paddingVertical": 10,
              }
            }
          >
            <Styled(Label)>
              Email
            </Styled(Label)>
            <Styled(Input) />
          </Styled(Item)>
          <Styled(Item)
            floatingLabel={true}
            last={true}
            style={
              Object {
                "backgroundColor": "#FFFFFFCF",
                "paddingHorizontal": 30,
                "paddingVertical": 10,
              }
            }
          >
            <Styled(Label)>
              Password
            </Styled(Label)>
            <Styled(Input) />
          </Styled(Item)>
          <Apollo(FormLoginButtonUnwrapped)
            email="ben@fu.rber.io"
            password="temppasswordhere"
          />
        </Styled(Form)>
      </Styled(ViewNB)>,
      "virtual": undefined,
    },
    "ref": null,
    "rendered": Object {
      "instance": null,
      "key": undefined,
      "nodeType": "class",
      "props": Object {
        "children": <Styled(Form)>
          <Styled(Item)
            floatingLabel={true}
            style={
              Object {
                "backgroundColor": "#FFFFFFCF",
                "paddingHorizontal": 30,
                "paddingVertical": 10,
              }
            }
          >
            <Styled(Label)>
              Email
            </Styled(Label)>
            <Styled(Input) />
          </Styled(Item)>
          <Styled(Item)
            floatingLabel={true}
            last={true}
            style={
              Object {
                "backgroundColor": "#FFFFFFCF",
                "paddingHorizontal": 30,
                "paddingVertical": 10,
              }
            }
          >
            <Styled(Label)>
              Password
            </Styled(Label)>
            <Styled(Input) />
          </Styled(Item)>
          <Apollo(FormLoginButtonUnwrapped)
            email="ben@fu.rber.io"
            password="temppasswordhere"
          />
        </Styled(Form)>,
        "style": Object {
          "paddingTop": 200,
        },
        "virtual": undefined,
      },
      "ref": null,
      "rendered": Object {
        "instance": null,
        "key": undefined,
        "nodeType": "class",
        "props": Object {
          "children": Array [
            <Styled(Item)
              floatingLabel={true}
              style={
                Object {
                  "backgroundColor": "#FFFFFFCF",
                  "paddingHorizontal": 30,
                  "paddingVertical": 10,
                }
              }
            >
              <Styled(Label)>
                Email
              </Styled(Label)>
              <Styled(Input) />
            </Styled(Item)>,
            <Styled(Item)
              floatingLabel={true}
              last={true}
              style={
                Object {
                  "backgroundColor": "#FFFFFFCF",
                  "paddingHorizontal": 30,
                  "paddingVertical": 10,
                }
              }
            >
              <Styled(Label)>
                Password
              </Styled(Label)>
              <Styled(Input) />
            </Styled(Item)>,
            <Apollo(FormLoginButtonUnwrapped)
              email="ben@fu.rber.io"
              password="temppasswordhere"
            />,
          ],
          "virtual": undefined,
        },
        "ref": null,
        "rendered": Array [
          Object {
            "instance": null,
            "key": undefined,
            "nodeType": "class",
            "props": Object {
              "children": Array [
                <Styled(Label)>
                  Email
                </Styled(Label)>,
                <Styled(Input) />,
              ],
              "floatingLabel": true,
              "style": Object {
                "backgroundColor": "#FFFFFFCF",
                "paddingHorizontal": 30,
                "paddingVertical": 10,
              },
              "virtual": undefined,
            },
            "ref": null,
            "rendered": Array [
              Object {
                "instance": null,
                "key": undefined,
                "nodeType": "class",
                "props": Object {
                  "children": "Email",
                  "virtual": undefined,
                },
                "ref": null,
                "rendered": "Email",
                "type": [Function],
              },
              Object {
                "instance": null,
                "key": undefined,
                "nodeType": "class",
                "props": Object {
                  "virtual": undefined,
                },
                "ref": null,
                "rendered": null,
                "type": [Function],
              },
            ],
            "type": [Function],
          },
          Object {
            "instance": null,
            "key": undefined,
            "nodeType": "class",
            "props": Object {
              "children": Array [
                <Styled(Label)>
                  Password
                </Styled(Label)>,
                <Styled(Input) />,
              ],
              "floatingLabel": true,
              "last": true,
              "style": Object {
                "backgroundColor": "#FFFFFFCF",
                "paddingHorizontal": 30,
                "paddingVertical": 10,
              },
              "virtual": undefined,
            },
            "ref": null,
            "rendered": Array [
              Object {
                "instance": null,
                "key": undefined,
                "nodeType": "class",
                "props": Object {
                  "children": "Password",
                  "virtual": undefined,
                },
                "ref": null,
                "rendered": "Password",
                "type": [Function],
              },
              Object {
                "instance": null,
                "key": undefined,
                "nodeType": "class",
                "props": Object {
                  "virtual": undefined,
                },
                "ref": null,
                "rendered": null,
                "type": [Function],
              },
            ],
            "type": [Function],
          },
          Object {
            "instance": null,
            "key": undefined,
            "nodeType": "class",
            "props": Object {
              "email": "ben@fu.rber.io",
              "password": "temppasswordhere",
            },
            "ref": null,
            "rendered": null,
            "type": [Function],
          },
        ],
        "type": [Function],
      },
      "type": [Function],
    },
    "type": [Function],
  },
  Symbol(enzyme.__nodes__): Array [
    Object {
      "instance": null,
      "key": undefined,
      "nodeType": "class",
      "props": Object {
        "children": <Styled(ViewNB)
          style={
            Object {
              "paddingTop": 200,
            }
          }
        >
          <Styled(Form)>
            <Styled(Item)
              floatingLabel={true}
              style={
                Object {
                  "backgroundColor": "#FFFFFFCF",
                  "paddingHorizontal": 30,
                  "paddingVertical": 10,
                }
              }
            >
              <Styled(Label)>
                Email
              </Styled(Label)>
              <Styled(Input) />
            </Styled(Item)>
            <Styled(Item)
              floatingLabel={true}
              last={true}
              style={
                Object {
                  "backgroundColor": "#FFFFFFCF",
                  "paddingHorizontal": 30,
                  "paddingVertical": 10,
                }
              }
            >
              <Styled(Label)>
                Password
              </Styled(Label)>
              <Styled(Input) />
            </Styled(Item)>
            <Apollo(FormLoginButtonUnwrapped)
              email="ben@fu.rber.io"
              password="temppasswordhere"
            />
          </Styled(Form)>
        </Styled(ViewNB)>,
        "virtual": undefined,
      },
      "ref": null,
      "rendered": Object {
        "instance": null,
        "key": undefined,
        "nodeType": "class",
        "props": Object {
          "children": <Styled(Form)>
            <Styled(Item)
              floatingLabel={true}
              style={
                Object {
                  "backgroundColor": "#FFFFFFCF",
                  "paddingHorizontal": 30,
                  "paddingVertical": 10,
                }
              }
            >
              <Styled(Label)>
                Email
              </Styled(Label)>
              <Styled(Input) />
            </Styled(Item)>
            <Styled(Item)
              floatingLabel={true}
              last={true}
              style={
                Object {
                  "backgroundColor": "#FFFFFFCF",
                  "paddingHorizontal": 30,
                  "paddingVertical": 10,
                }
              }
            >
              <Styled(Label)>
                Password
              </Styled(Label)>
              <Styled(Input) />
            </Styled(Item)>
            <Apollo(FormLoginButtonUnwrapped)
              email="ben@fu.rber.io"
              password="temppasswordhere"
            />
          </Styled(Form)>,
          "style": Object {
            "paddingTop": 200,
          },
          "virtual": undefined,
        },
        "ref": null,
        "rendered": Object {
          "instance": null,
          "key": undefined,
          "nodeType": "class",
          "props": Object {
            "children": Array [
              <Styled(Item)
                floatingLabel={true}
                style={
                  Object {
                    "backgroundColor": "#FFFFFFCF",
                    "paddingHorizontal": 30,
                    "paddingVertical": 10,
                  }
                }
              >
                <Styled(Label)>
                  Email
                </Styled(Label)>
                <Styled(Input) />
              </Styled(Item)>,
              <Styled(Item)
                floatingLabel={true}
                last={true}
                style={
                  Object {
                    "backgroundColor": "#FFFFFFCF",
                    "paddingHorizontal": 30,
                    "paddingVertical": 10,
                  }
                }
              >
                <Styled(Label)>
                  Password
                </Styled(Label)>
                <Styled(Input) />
              </Styled(Item)>,
              <Apollo(FormLoginButtonUnwrapped)
                email="ben@fu.rber.io"
                password="temppasswordhere"
              />,
            ],
            "virtual": undefined,
          },
          "ref": null,
          "rendered": Array [
            Object {
              "instance": null,
              "key": undefined,
              "nodeType": "class",
              "props": Object {
                "children": Array [
                  <Styled(Label)>
                    Email
                  </Styled(Label)>,
                  <Styled(Input) />,
                ],
                "floatingLabel": true,
                "style": Object {
                  "backgroundColor": "#FFFFFFCF",
                  "paddingHorizontal": 30,
                  "paddingVertical": 10,
                },
                "virtual": undefined,
              },
              "ref": null,
              "rendered": Array [
                Object {
                  "instance": null,
                  "key": undefined,
                  "nodeType": "class",
                  "props": Object {
                    "children": "Email",
                    "virtual": undefined,
                  },
                  "ref": null,
                  "rendered": "Email",
                  "type": [Function],
                },
                Object {
                  "instance": null,
                  "key": undefined,
                  "nodeType": "class",
                  "props": Object {
                    "virtual": undefined,
                  },
                  "ref": null,
                  "rendered": null,
                  "type": [Function],
                },
              ],
              "type": [Function],
            },
            Object {
              "instance": null,
              "key": undefined,
              "nodeType": "class",
              "props": Object {
                "children": Array [
                  <Styled(Label)>
                    Password
                  </Styled(Label)>,
                  <Styled(Input) />,
                ],
                "floatingLabel": true,
                "last": true,
                "style": Object {
                  "backgroundColor": "#FFFFFFCF",
                  "paddingHorizontal": 30,
                  "paddingVertical": 10,
                },
                "virtual": undefined,
              },
              "ref": null,
              "rendered": Array [
                Object {
                  "instance": null,
                  "key": undefined,
                  "nodeType": "class",
                  "props": Object {
                    "children": "Password",
                    "virtual": undefined,
                  },
                  "ref": null,
                  "rendered": "Password",
                  "type": [Function],
                },
                Object {
                  "instance": null,
                  "key": undefined,
                  "nodeType": "class",
                  "props": Object {
                    "virtual": undefined,
                  },
                  "ref": null,
                  "rendered": null,
                  "type": [Function],
                },
              ],
              "type": [Function],
            },
            Object {
              "instance": null,
              "key": undefined,
              "nodeType": "class",
              "props": Object {
                "email": "ben@fu.rber.io",
                "password": "temppasswordhere",
              },
              "ref": null,
              "rendered": null,
              "type": [Function],
            },
          ],
          "type": [Function],
        },
        "type": [Function],
      },
      "type": [Function],
    },
  ],
  Symbol(enzyme.__options__): Object {
    "adapter": ReactSixteenAdapter {
      "options": Object {
        "enableComponentDidUpdateOnSetState": true,
        "lifecycles": Object {
          "componentDidUpdate": Object {
            "onSetState": true,
          },
          "getDerivedStateFromProps": true,
          "getSnapshotBeforeUpdate": true,
          "setState": Object {
            "skipsComponentDidUpdateOnNullish": true,
          },
        },
      },
    },
    "attachTo": undefined,
    "hydrateIn": undefined,
  },
}
`;
